Archive member included because of file (symbol)

c:/program files (x86)/gnu tools arm embedded/4.9 2015q3/bin/../lib/gcc/arm-none-eabi/4.9.3/../../../../arm-none-eabi/lib/armv7e-m/fpu\libc_nano.a(lib_a-exit.o)
                              c:/program files (x86)/gnu tools arm embedded/4.9 2015q3/bin/../lib/gcc/arm-none-eabi/4.9.3/../../../../arm-none-eabi/lib/armv7e-m/fpu/crt0.o (exit)
c:/program files (x86)/gnu tools arm embedded/4.9 2015q3/bin/../lib/gcc/arm-none-eabi/4.9.3/../../../../arm-none-eabi/lib/armv7e-m/fpu\libc_nano.a(lib_a-impure.o)
                              c:/program files (x86)/gnu tools arm embedded/4.9 2015q3/bin/../lib/gcc/arm-none-eabi/4.9.3/../../../../arm-none-eabi/lib/armv7e-m/fpu\libc_nano.a(lib_a-exit.o) (_global_impure_ptr)
c:/program files (x86)/gnu tools arm embedded/4.9 2015q3/bin/../lib/gcc/arm-none-eabi/4.9.3/../../../../arm-none-eabi/lib/armv7e-m/fpu\libc_nano.a(lib_a-init.o)
                              c:/program files (x86)/gnu tools arm embedded/4.9 2015q3/bin/../lib/gcc/arm-none-eabi/4.9.3/../../../../arm-none-eabi/lib/armv7e-m/fpu/crt0.o (__libc_init_array)
c:/program files (x86)/gnu tools arm embedded/4.9 2015q3/bin/../lib/gcc/arm-none-eabi/4.9.3/../../../../arm-none-eabi/lib/armv7e-m/fpu\libc_nano.a(lib_a-memset.o)
                              c:/program files (x86)/gnu tools arm embedded/4.9 2015q3/bin/../lib/gcc/arm-none-eabi/4.9.3/../../../../arm-none-eabi/lib/armv7e-m/fpu/crt0.o (memset)
c:/program files (x86)/gnu tools arm embedded/4.9 2015q3/bin/../lib/gcc/arm-none-eabi/4.9.3/../../../../arm-none-eabi/lib/armv7e-m/fpu\libnosys.a(_exit.o)
                              c:/program files (x86)/gnu tools arm embedded/4.9 2015q3/bin/../lib/gcc/arm-none-eabi/4.9.3/../../../../arm-none-eabi/lib/armv7e-m/fpu\libc_nano.a(lib_a-exit.o) (_exit)
c:/program files (x86)/gnu tools arm embedded/4.9 2015q3/bin/../lib/gcc/arm-none-eabi/4.9.3/../../../../arm-none-eabi/lib/armv7e-m/fpu\libc_nano.a(lib_a-memcpy.o)
                              _build/nrf_esb.o (memcpy)
c:/program files (x86)/gnu tools arm embedded/4.9 2015q3/bin/../lib/gcc/arm-none-eabi/4.9.3/../../../../arm-none-eabi/lib/armv7e-m/fpu\libc_nano.a(lib_a-strcpy.o)
                              _build/SEGGER_RTT.o (strcpy)
c:/program files (x86)/gnu tools arm embedded/4.9 2015q3/bin/../lib/gcc/arm-none-eabi/4.9.3/../../../../arm-none-eabi/lib/armv7e-m/fpu\libc_nano.a(lib_a-strlen.o)
                              _build/SEGGER_RTT.o (strlen)

Allocating common symbols
Common symbol       size              file

rx_payload          0x25              _build/main.o
__stdin             0x68              _build/retarget.o
tx_payload          0x25              _build/main.o
__stdout            0x68              _build/retarget.o
_SEGGER_RTT         0x78              _build/SEGGER_RTT.o

Discarded input sections

 .text          0x00000000        0x0 c:/program files (x86)/gnu tools arm embedded/4.9 2015q3/bin/../lib/gcc/arm-none-eabi/4.9.3/armv7e-m/fpu/crti.o
 .data          0x00000000        0x0 c:/program files (x86)/gnu tools arm embedded/4.9 2015q3/bin/../lib/gcc/arm-none-eabi/4.9.3/armv7e-m/fpu/crti.o
 .bss           0x00000000        0x0 c:/program files (x86)/gnu tools arm embedded/4.9 2015q3/bin/../lib/gcc/arm-none-eabi/4.9.3/armv7e-m/fpu/crti.o
 .data          0x00000000        0x4 c:/program files (x86)/gnu tools arm embedded/4.9 2015q3/bin/../lib/gcc/arm-none-eabi/4.9.3/armv7e-m/fpu/crtbegin.o
 .data          0x00000000        0x0 c:/program files (x86)/gnu tools arm embedded/4.9 2015q3/bin/../lib/gcc/arm-none-eabi/4.9.3/../../../../arm-none-eabi/lib/armv7e-m/fpu/crt0.o
 .bss           0x00000000        0x0 c:/program files (x86)/gnu tools arm embedded/4.9 2015q3/bin/../lib/gcc/arm-none-eabi/4.9.3/../../../../arm-none-eabi/lib/armv7e-m/fpu/crt0.o
 .ARM.extab     0x00000000        0x0 c:/program files (x86)/gnu tools arm embedded/4.9 2015q3/bin/../lib/gcc/arm-none-eabi/4.9.3/../../../../arm-none-eabi/lib/armv7e-m/fpu/crt0.o
 .text          0x00000000        0x0 c:/program files (x86)/gnu tools arm embedded/4.9 2015q3/bin/../lib/gcc/arm-none-eabi/4.9.3/../../../../arm-none-eabi/lib/armv7e-m/fpu\libc_nano.a(lib_a-exit.o)
 .data          0x00000000        0x0 c:/program files (x86)/gnu tools arm embedded/4.9 2015q3/bin/../lib/gcc/arm-none-eabi/4.9.3/../../../../arm-none-eabi/lib/armv7e-m/fpu\libc_nano.a(lib_a-exit.o)
 .bss           0x00000000        0x0 c:/program files (x86)/gnu tools arm embedded/4.9 2015q3/bin/../lib/gcc/arm-none-eabi/4.9.3/../../../../arm-none-eabi/lib/armv7e-m/fpu\libc_nano.a(lib_a-exit.o)
 .text          0x00000000        0x0 c:/program files (x86)/gnu tools arm embedded/4.9 2015q3/bin/../lib/gcc/arm-none-eabi/4.9.3/../../../../arm-none-eabi/lib/armv7e-m/fpu\libc_nano.a(lib_a-impure.o)
 .data          0x00000000        0x0 c:/program files (x86)/gnu tools arm embedded/4.9 2015q3/bin/../lib/gcc/arm-none-eabi/4.9.3/../../../../arm-none-eabi/lib/armv7e-m/fpu\libc_nano.a(lib_a-impure.o)
[...]
Memory Configuration

Name             Origin             Length             Attributes
FLASH            0x00000000         0x00080000         xr
UICR             0x10001000         0x0ffff000         xr
RAM              0x20000000         0x00010000         xrw
*default*        0x00000000         0xffffffff

Linker script and memory map


.text           0x00000000     0x40b4
 *(.isr_vector)
 .isr_vector    0x00000000      0x400 _build/gcc_startup_nrf52.o
                0x00000000                __isr_vector
 *(.text*)
 .text          0x00000400       0x5c c:/program files (x86)/gnu tools arm embedded/4.9 2015q3/bin/../lib/gcc/arm-none-eabi/4.9.3/armv7e-m/fpu/crtbegin.o
 .text          0x0000045c       0x74 c:/program files (x86)/gnu tools arm embedded/4.9 2015q3/bin/../lib/gcc/arm-none-eabi/4.9.3/../../../../arm-none-eabi/lib/armv7e-m/fpu/crt0.o
                0x0000045c                _start
                0x0000045c                _mainCRTStartup
 .text.exit     0x000004d0       0x28 c:/program files (x86)/gnu tools arm embedded/4.9 2015q3/bin/../lib/gcc/arm-none-eabi/4.9.3/../../../../arm-none-eabi/lib/armv7e-m/fpu\libc_nano.a(lib_a-exit.o)
                0x000004d0                exit
 .text.__libc_init_array
                0x000004f8       0x4c c:/program files (x86)/gnu tools arm embedded/4.9 2015q3/bin/../lib/gcc/arm-none-eabi/4.9.3/../../../../arm-none-eabi/lib/armv7e-m/fpu\libc_nano.a(lib_a-init.o)
                0x000004f8                __libc_init_array
 .text.memset   0x00000544       0x10 c:/program files (x86)/gnu tools arm embedded/4.9 2015q3/bin/../lib/gcc/arm-none-eabi/4.9.3/../../../../arm-none-eabi/lib/armv7e-m/fpu\libc_nano.a(lib_a-memset.o)
                0x00000544                memset
 .text._exit    0x00000554        0x4 c:/program files (x86)/gnu tools arm embedded/4.9 2015q3/bin/../lib/gcc/arm-none-eabi/4.9.3/../../../../arm-none-eabi/lib/armv7e-m/fpu\libnosys.a(_exit.o)
                0x00000554                _exit
 .text.NVIC_SystemReset
                0x00000558       0x28 _build/system_nrf52.o
 .text.SystemCoreClockUpdate
                0x00000580       0x1c _build/system_nrf52.o
                0x00000580                SystemCoreClockUpdate
 .text.SystemInit
                0x0000059c      0x258 _build/system_nrf52.o
                0x0000059c                SystemInit
 .text.errata_16
                0x000007f4       0x44 _build/system_nrf52.o
 .text.errata_31
                0x00000838       0x64 _build/system_nrf52.o
 .text.errata_32
                0x0000089c       0x44 _build/system_nrf52.o
 .text.errata_36
                0x000008e0       0x64 _build/system_nrf52.o
 .text.errata_37
                0x00000944       0x44 _build/system_nrf52.o
 .text.errata_57
                0x00000988       0x44 _build/system_nrf52.o
 .text.errata_66
                0x000009cc       0x44 _build/system_nrf52.o
 .text.NVIC_SystemReset
                0x00000a10       0x28 _build/main.o
 .text.nrf_timer_frequency_get
                0x00000a38       0x1c _build/main.o
 .text.nrf_timer_ms_to_ticks
                0x00000a54       0x2c _build/main.o
 .text.nrf_drv_timer_ms_to_ticks
                0x00000a80       0x28 _build/main.o
 .text.clocks_start
                0x00000aa8       0x2c _build/main.o
                0x00000aa8                clocks_start
 .text.timer_event_handler
                0x00000ad4       0x48 _build/main.o
                0x00000ad4                timer_event_handler
 .text.nrf_esb_event_handler
                0x00000b1c       0x58 _build/main.o
                0x00000b1c                nrf_esb_event_handler
 .text.esb_init
                0x00000b74       0xd4 _build/main.o
                0x00000b74                esb_init
 .text.uart_event_handler
                0x00000c48       0x44 _build/main.o
                0x00000c48                uart_event_handler
 .text.uart_config
                0x00000c8c       0x74 _build/main.o
                0x00000c8c                uart_config
 .text.main     0x00000d00      0x638 _build/main.o
                0x00000d00                main
 .text.fifo_length
                0x00001338       0x24 _build/app_uart_fifo.o
 .text.uart_event_handler
                0x0000135c       0xf4 _build/app_uart_fifo.o
 .text.app_uart_init
                0x00001450      0x110 _build/app_uart_fifo.o
                0x00001450                app_uart_init
 .text.app_uart_get
                0x00001560       0x48 _build/app_uart_fifo.o
                0x00001560                app_uart_get
 .text.app_uart_put
                0x000015a8       0x58 _build/app_uart_fifo.o
                0x000015a8                app_uart_put
 .text.nrf_delay_ms
                0x00001600       0xa4 _build/nrf_delay.o
                0x00001600                nrf_delay_ms
 .text.NVIC_EnableIRQ
                0x000016a4       0x30 _build/nrf_drv_common.o
 .text.NVIC_ClearPendingIRQ
                0x000016d4       0x34 _build/nrf_drv_common.o
 .text.NVIC_SetPriority
                0x00001708       0x54 _build/nrf_drv_common.o
 .text.nrf_drv_common_irq_enable
                0x0000175c       0x38 _build/nrf_drv_common.o
                0x0000175c                nrf_drv_common_irq_enable
 .text.nrf_uart_event_clear
                0x00001794       0x20 _build/nrf_drv_uart.o
 .text.nrf_uart_event_check
                0x000017b4       0x2c _build/nrf_drv_uart.o
 .text.nrf_uart_int_enable
                0x000017e0       0x1c _build/nrf_drv_uart.o
 .text.nrf_uart_int_enable_check
                0x000017fc       0x2c _build/nrf_drv_uart.o
 .text.nrf_uart_int_disable
                0x00001828       0x1c _build/nrf_drv_uart.o
 .text.nrf_uart_errorsrc_get_and_clear
                0x00001844       0x28 _build/nrf_drv_uart.o
 .text.nrf_uart_enable
                0x0000186c       0x1c _build/nrf_drv_uart.o
 .text.nrf_uart_txrx_pins_set
                0x00001888       0x28 _build/nrf_drv_uart.o
 .text.nrf_uart_hwfc_pins_set
                0x000018b0       0x28 _build/nrf_drv_uart.o
 .text.nrf_uart_rxd_get
                0x000018d8       0x1c _build/nrf_drv_uart.o
 .text.nrf_uart_txd_set
                0x000018f4       0x20 _build/nrf_drv_uart.o
 .text.nrf_uart_task_trigger
                0x00001914       0x20 _build/nrf_drv_uart.o
 .text.nrf_uart_configure
                0x00001934       0x2c _build/nrf_drv_uart.o
 .text.nrf_uart_baudrate_set
                0x00001960       0x1c _build/nrf_drv_uart.o
 .text.nrf_uarte_event_clear
                0x0000197c       0x20 _build/nrf_drv_uart.o
 .text.nrf_uarte_event_check
                0x0000199c       0x2c _build/nrf_drv_uart.o
 .text.nrf_uarte_shorts_enable
                0x000019c8       0x24 _build/nrf_drv_uart.o
 .text.nrf_uarte_shorts_disable
                0x000019ec       0x28 _build/nrf_drv_uart.o
 .text.nrf_uarte_int_enable
                0x00001a14       0x1c _build/nrf_drv_uart.o
 .text.nrf_uarte_int_disable
                0x00001a30       0x1c _build/nrf_drv_uart.o
 .text.nrf_uarte_errorsrc_get_and_clear
                0x00001a4c       0x28 _build/nrf_drv_uart.o
 .text.nrf_uarte_enable
                0x00001a74       0x1c _build/nrf_drv_uart.o
 .text.nrf_uarte_txrx_pins_set
                0x00001a90       0x28 _build/nrf_drv_uart.o
 .text.nrf_uarte_hwfc_pins_set
                0x00001ab8       0x28 _build/nrf_drv_uart.o
 .text.nrf_uarte_task_trigger
                0x00001ae0       0x20 _build/nrf_drv_uart.o
 .text.nrf_uarte_configure
                0x00001b00       0x2c _build/nrf_drv_uart.o
 .text.nrf_uarte_baudrate_set
                0x00001b2c       0x1c _build/nrf_drv_uart.o
 .text.nrf_uarte_tx_buffer_set
                0x00001b48       0x28 _build/nrf_drv_uart.o
 .text.nrf_uarte_tx_amount_get
                0x00001b70       0x1c _build/nrf_drv_uart.o
 .text.nrf_uarte_rx_buffer_set
                0x00001b8c       0x28 _build/nrf_drv_uart.o
 .text.nrf_uarte_rx_amount_get
                0x00001bb4       0x1c _build/nrf_drv_uart.o
 .text.nrf_gpio_cfg
                0x00001bd0       0x4c _build/nrf_drv_uart.o
 .text.nrf_gpio_cfg_output
                0x00001c1c       0x24 _build/nrf_drv_uart.o
 .text.nrf_gpio_cfg_input
                0x00001c40       0x28 _build/nrf_drv_uart.o
 .text.nrf_gpio_pin_set
                0x00001c68       0x24 _build/nrf_drv_uart.o
 .text.apply_config
                0x00001c8c      0x114 _build/nrf_drv_uart.o
 .text.interrupts_enable
                0x00001da0       0x80 _build/nrf_drv_uart.o
 .text.uart_enable
                0x00001e20       0x24 _build/nrf_drv_uart.o
 .text.nrf_drv_uart_init
                0x00001e44       0x84 _build/nrf_drv_uart.o
                0x00001e44                nrf_drv_uart_init
 .text.tx_byte  0x00001ec8       0x48 _build/nrf_drv_uart.o
 .text.nrf_drv_uart_tx_for_uart
                0x00001f10       0xb8 _build/nrf_drv_uart.o
 .text.nrf_drv_uart_tx_for_uarte
                0x00001fc8       0x98 _build/nrf_drv_uart.o
 .text.nrf_drv_uart_tx
                0x00002060       0x68 _build/nrf_drv_uart.o
                0x00002060                nrf_drv_uart_tx
 .text.nrf_drv_uart_tx_in_progress
                0x000020c8       0x20 _build/nrf_drv_uart.o
                0x000020c8                nrf_drv_uart_tx_in_progress
 .text.rx_enable
                0x000020e8       0x28 _build/nrf_drv_uart.o
 .text.rx_byte  0x00002110       0x58 _build/nrf_drv_uart.o
 .text.nrf_drv_uart_rx_for_uart
                0x00002168      0x100 _build/nrf_drv_uart.o
 .text.nrf_drv_uart_rx_for_uarte
                0x00002268       0xdc _build/nrf_drv_uart.o
 .text.nrf_drv_uart_rx
                0x00002344       0xf8 _build/nrf_drv_uart.o
                0x00002344                nrf_drv_uart_rx
 .text.nrf_drv_uart_rx_enable
                0x0000243c       0x2c _build/nrf_drv_uart.o
                0x0000243c                nrf_drv_uart_rx_enable
 .text.rx_done_event
                0x00002468       0x34 _build/nrf_drv_uart.o
 .text.tx_done_event
                0x0000249c       0x3c _build/nrf_drv_uart.o
 .text.uart_irq_handler
                0x000024d8      0x1c8 _build/nrf_drv_uart.o
 .text.uarte_irq_handler
                0x000026a0      0x158 _build/nrf_drv_uart.o
 .text.UARTE0_UART0_IRQHandler
                0x000027f8       0x1c _build/nrf_drv_uart.o
                0x000027f8                UARTE0_UART0_IRQHandler
 .text.nrf_timer_task_trigger
                0x00002814       0x20 _build/nrf_drv_timer.o
 .text.nrf_timer_event_clear
                0x00002834       0x20 _build/nrf_drv_timer.o
 .text.nrf_timer_event_check
                0x00002854       0x2c _build/nrf_drv_timer.o
 .text.nrf_timer_shorts_enable
                0x00002880       0x24 _build/nrf_drv_timer.o
 .text.nrf_timer_shorts_disable
                0x000028a4       0x28 _build/nrf_drv_timer.o
 .text.nrf_timer_int_enable
                0x000028cc       0x1c _build/nrf_drv_timer.o
 .text.nrf_timer_int_disable
                0x000028e8       0x1c _build/nrf_drv_timer.o
 .text.nrf_timer_int_enable_check
                0x00002904       0x2c _build/nrf_drv_timer.o
 .text.nrf_timer_mode_set
                0x00002930       0x30 _build/nrf_drv_timer.o
 .text.nrf_timer_bit_width_set
                0x00002960       0x30 _build/nrf_drv_timer.o
 .text.nrf_timer_frequency_set
                0x00002990       0x30 _build/nrf_drv_timer.o
 .text.nrf_timer_cc_write
                0x000029c0       0x28 _build/nrf_drv_timer.o
 .text.nrf_timer_compare_event_get
                0x000029e8       0x20 _build/nrf_drv_timer.o
 .text.nrf_timer_compare_int_get
                0x00002a08       0x20 _build/nrf_drv_timer.o
 .text.nrf_drv_get_IRQn
                0x00002a28       0x20 _build/nrf_drv_timer.o
 .text.nrf_drv_timer_init
                0x00002a48       0xe4 _build/nrf_drv_timer.o
                0x00002a48                nrf_drv_timer_init
 .text.nrf_drv_timer_enable
                0x00002b2c       0x38 _build/nrf_drv_timer.o
                0x00002b2c                nrf_drv_timer_enable
 .text.nrf_drv_timer_disable
                0x00002b64       0x38 _build/nrf_drv_timer.o
                0x00002b64                nrf_drv_timer_disable
 .text.nrf_drv_timer_clear
                0x00002b9c       0x1c _build/nrf_drv_timer.o
                0x00002b9c                nrf_drv_timer_clear
 .text.nrf_drv_timer_compare
                0x00002bb8       0x54 _build/nrf_drv_timer.o
                0x00002bb8                nrf_drv_timer_compare
 .text.nrf_drv_timer_extended_compare
                0x00002c0c       0x54 _build/nrf_drv_timer.o
                0x00002c0c                nrf_drv_timer_extended_compare
 .text.irq_handler
                0x00002c60       0x78 _build/nrf_drv_timer.o
 .text.TIMER0_IRQHandler
                0x00002cd8       0x18 _build/nrf_drv_timer.o
                0x00002cd8                TIMER0_IRQHandler
 .text.app_error_handler_bare
                0x00002cf0       0x2c _build/app_error.o
                0x00002cf0                app_error_handler_bare
 .text.NVIC_SystemReset
                0x00002d1c       0x28 _build/app_error_weak.o
 .text.app_error_fault_handler
                0x00002d44       0x18 _build/app_error_weak.o
                0x00002d44                app_error_fault_handler
 .text.fifo_length
                0x00002d5c       0x24 _build/app_fifo.o
 .text.fifo_put
                0x00002d80       0x34 _build/app_fifo.o
 .text.fifo_peek
                0x00002db4       0x34 _build/app_fifo.o
 .text.fifo_get
                0x00002de8       0x24 _build/app_fifo.o
 .text.app_fifo_init
                0x00002e0c       0x58 _build/app_fifo.o
                0x00002e0c                app_fifo_init
 .text.app_fifo_put
                0x00002e64       0x34 _build/app_fifo.o
                0x00002e64                app_fifo_put
 .text.app_fifo_get
                0x00002e98       0x2c _build/app_fifo.o
                0x00002e98                app_fifo_get
 .text.NVIC_EnableIRQ
                0x00002ec4       0x30 _build/nrf_esb.o
 .text.NVIC_DisableIRQ
                0x00002ef4       0x34 _build/nrf_esb.o
 .text.NVIC_SetPendingIRQ
                0x00002f28       0x34 _build/nrf_esb.o
 .text.NVIC_ClearPendingIRQ
                0x00002f5c       0x34 _build/nrf_esb.o
 .text.NVIC_SetPriority
                0x00002f90       0x54 _build/nrf_esb.o
 .text.bytewise_bit_swap
                0x00002fe4       0x30 _build/nrf_esb.o
 .text.addr_conv
                0x00003014       0x20 _build/nrf_esb.o
 .text.update_rf_payload_format_esb_dpl
                0x00003034       0x3c _build/nrf_esb.o
 .text.update_rf_payload_format_esb
                0x00003070       0x44 _build/nrf_esb.o
 .text.update_radio_addresses
                0x000030b4       0x7c _build/nrf_esb.o
 .text.update_radio_tx_power
                0x00003130       0x20 _build/nrf_esb.o
 .text.update_radio_bitrate
                0x00003150       0x64 _build/nrf_esb.o
 .text.update_radio_protocol
                0x000031b4       0x3c _build/nrf_esb.o
 .text.update_radio_crc
                0x000031f0       0x58 _build/nrf_esb.o
 .text.update_radio_parameters
                0x00003248       0x2c _build/nrf_esb.o
 .text.reset_fifos
                0x00003274       0x38 _build/nrf_esb.o
 .text.initialize_fifos
                0x000032ac       0x74 _build/nrf_esb.o
 .text.tx_fifo_remove_last
                0x00003320       0x40 _build/nrf_esb.o
 .text.rx_fifo_push_rfbuf
                0x00003360       0xfc _build/nrf_esb.o
 .text.sys_timer_init
                0x0000345c       0x2c _build/nrf_esb.o
 .text.ppi_init
                0x00003488       0x70 _build/nrf_esb.o
 .text.start_tx_transaction
                0x000034f8      0x1e0 _build/nrf_esb.o
 .text.RADIO_IRQHandler
                0x000036d8       0x90 _build/nrf_esb.o
                0x000036d8                RADIO_IRQHandler
 .text.on_radio_disabled_tx_noack
                0x00003768       0x44 _build/nrf_esb.o
 .text.on_radio_disabled_tx
                0x000037ac       0xa4 _build/nrf_esb.o
 .text.on_radio_disabled_tx_wait_for_ack
                0x00003850      0x180 _build/nrf_esb.o
 .text.nrf_esb_init
                0x000039d0       0xc0 _build/nrf_esb.o
                0x000039d0                nrf_esb_init
 .text.nrf_esb_disable
                0x00003a90       0x54 _build/nrf_esb.o
                0x00003a90                nrf_esb_disable
 .text.nrf_esb_is_idle
                0x00003ae4       0x20 _build/nrf_esb.o
                0x00003ae4                nrf_esb_is_idle
 .text.SWI0_EGU0_IRQHandler
                0x00003b04       0x7c _build/nrf_esb.o
                0x00003b04                SWI0_EGU0_IRQHandler
 .text.nrf_esb_write_payload
                0x00003b80      0x138 _build/nrf_esb.o
                0x00003b80                nrf_esb_write_payload
 .text.nrf_esb_read_rx_payload
                0x00003cb8       0xd0 _build/nrf_esb.o
                0x00003cb8                nrf_esb_read_rx_payload
 .text.nrf_esb_flush_tx
                0x00003d88       0x44 _build/nrf_esb.o
                0x00003d88                nrf_esb_flush_tx
 .text.nrf_esb_pop_tx
                0x00003dcc       0x60 _build/nrf_esb.o
                0x00003dcc                nrf_esb_pop_tx
 .text.nrf_esb_flush_rx
                0x00003e2c       0x50 _build/nrf_esb.o
                0x00003e2c                nrf_esb_flush_rx
 .text.nrf_esb_get_clear_interrupts
                0x00003e7c       0x50 _build/nrf_esb.o
                0x00003e7c                nrf_esb_get_clear_interrupts
 .text.nrf_esb_set_base_address_0
                0x00003ecc       0x40 _build/nrf_esb.o
                0x00003ecc                nrf_esb_set_base_address_0
 .text.nrf_esb_set_base_address_1
                0x00003f0c       0x40 _build/nrf_esb.o
                0x00003f0c                nrf_esb_set_base_address_1
 .text.nrf_esb_set_prefixes
                0x00003f4c       0x6c _build/nrf_esb.o
                0x00003f4c                nrf_esb_set_prefixes
 .text          0x00003fb8       0x3c _build/gcc_startup_nrf52.o
                0x00003fb8                Reset_Handler
                0x00003fe0                NMI_Handler
                0x00003fe2                HardFault_Handler
                0x00003fe4                MemoryManagement_Handler
                0x00003fe6                BusFault_Handler
                0x00003fe8                UsageFault_Handler
                0x00003fea                SVC_Handler
                0x00003fec                DebugMonitor_Handler
                0x00003fee                PendSV_Handler
                0x00003ff0                SysTick_Handler
                0x00003ff2                PDM_IRQHandler
                0x00003ff2                TEMP_IRQHandler
                0x00003ff2                QDEC_IRQHandler
                0x00003ff2                TIMER3_IRQHandler
                0x00003ff2                FPU_IRQHandler
                0x00003ff2                POWER_CLOCK_IRQHandler
                0x00003ff2                PWM1_IRQHandler
                0x00003ff2                TIMER4_IRQHandler
                0x00003ff2                I2S_IRQHandler
                0x00003ff2                SWI4_EGU4_IRQHandler
                0x00003ff2                GPIOTE_IRQHandler
                0x00003ff2                SPIM0_SPIS0_TWIM0_TWIS0_SPI0_TWI0_IRQHandler
                0x00003ff2                PWM2_IRQHandler
                0x00003ff2                ECB_IRQHandler
                0x00003ff2                SPIM1_SPIS1_TWIM1_TWIS1_SPI1_TWI1_IRQHandler
                0x00003ff2                Default_Handler
                0x00003ff2                SAADC_IRQHandler
                0x00003ff2                CCM_AAR_IRQHandler
                0x00003ff2                WDT_IRQHandler
                0x00003ff2                SWI2_EGU2_IRQHandler
                0x00003ff2                SWI5_EGU5_IRQHandler
                0x00003ff2                RNG_IRQHandler
                0x00003ff2                RTC2_IRQHandler
                0x00003ff2                PWM0_IRQHandler
                0x00003ff2                SWI3_EGU3_IRQHandler
                0x00003ff2                RTC1_IRQHandler
                0x00003ff2                SWI1_EGU1_IRQHandler
                0x00003ff2                SPIM2_SPIS2_SPI2_IRQHandler
                0x00003ff2                NFCT_IRQHandler
                0x00003ff2                RTC0_IRQHandler
                0x00003ff2                MWU_IRQHandler
                0x00003ff2                TIMER1_IRQHandler
                0x00003ff2                TIMER2_IRQHandler
                0x00003ff2                COMP_LPCOMP_IRQHandler
 .text.memcpy   0x00003ff4       0x16 c:/program files (x86)/gnu tools arm embedded/4.9 2015q3/bin/../lib/gcc/arm-none-eabi/4.9.3/../../../../arm-none-eabi/lib/armv7e-m/fpu\libc_nano.a(lib_a-memcpy.o)
                0x00003ff4                memcpy
 *(.init)
 *fill*         0x0000400a        0x2 
 .init          0x0000400c        0x4 c:/program files (x86)/gnu tools arm embedded/4.9 2015q3/bin/../lib/gcc/arm-none-eabi/4.9.3/armv7e-m/fpu/crti.o
                0x0000400c                _init
 .init          0x00004010        0x8 c:/program files (x86)/gnu tools arm embedded/4.9 2015q3/bin/../lib/gcc/arm-none-eabi/4.9.3/armv7e-m/fpu/crtn.o
 *(.fini)
 .fini          0x00004018        0x4 c:/program files (x86)/gnu tools arm embedded/4.9 2015q3/bin/../lib/gcc/arm-none-eabi/4.9.3/armv7e-m/fpu/crti.o
                0x00004018                _fini
 .fini          0x0000401c        0x8 c:/program files (x86)/gnu tools arm embedded/4.9 2015q3/bin/../lib/gcc/arm-none-eabi/4.9.3/armv7e-m/fpu/crtn.o
 *crtbegin.o(.ctors)
 *crtbegin?.o(.ctors)
 *(EXCLUDE_FILE(*crtend.o *crtend?.o) .ctors)
 *(SORT(.ctors.*))
 *(.ctors)
 *crtbegin.o(.dtors)
 *crtbegin?.o(.dtors)
 *(EXCLUDE_FILE(*crtend.o *crtend?.o) .dtors)
 *(SORT(.dtors.*))
 *(.dtors)
 *(.rodata*)
 .rodata.str1.1
                0x00004024        0x2 c:/program files (x86)/gnu tools arm embedded/4.9 2015q3/bin/../lib/gcc/arm-none-eabi/4.9.3/../../../../arm-none-eabi/lib/armv7e-m/fpu\libc_nano.a(lib_a-impure.o)
 *fill*         0x00004026        0x2 
 .rodata._global_impure_ptr
                0x00004028        0x4 c:/program files (x86)/gnu tools arm embedded/4.9 2015q3/bin/../lib/gcc/arm-none-eabi/4.9.3/../../../../arm-none-eabi/lib/armv7e-m/fpu\libc_nano.a(lib_a-impure.o)
                0x00004028                _global_impure_ptr
 .rodata.TIMER_TX
                0x0000402c        0x8 _build/main.o
                0x0000402c                TIMER_TX
 .rodata        0x00004034       0x34 _build/main.o
 .rodata        0x00004068       0x20 _build/app_uart_fifo.o
 .rodata.m_default_config
                0x00004088       0x20 _build/nrf_drv_uart.o
 .rodata.m_default_config
                0x000040a8        0x8 _build/nrf_drv_timer.o
 *(.eh_frame*)
 .eh_frame      0x000040b0        0x0 c:/program files (x86)/gnu tools arm embedded/4.9 2015q3/bin/../lib/gcc/arm-none-eabi/4.9.3/armv7e-m/fpu/crtbegin.o
 .eh_frame      0x000040b0        0x4 c:/program files (x86)/gnu tools arm embedded/4.9 2015q3/bin/../lib/gcc/arm-none-eabi/4.9.3/armv7e-m/fpu/crtend.o

.glue_7         0x000040b4        0x0
 .glue_7        0x00000000        0x0 linker stubs

.glue_7t        0x000040b4        0x0
 .glue_7t       0x00000000        0x0 linker stubs

.vfp11_veneer   0x000040b4        0x0
 .vfp11_veneer  0x00000000        0x0 linker stubs

.v4_bx          0x000040b4        0x0
 .v4_bx         0x00000000        0x0 linker stubs

.iplt           0x000040b4        0x0
 .iplt          0x00000000        0x0 c:/program files (x86)/gnu tools arm embedded/4.9 2015q3/bin/../lib/gcc/arm-none-eabi/4.9.3/armv7e-m/fpu/crtbegin.o

.ARM.extab
 *(.ARM.extab* .gnu.linkonce.armextab.*)
                0x000040b4                __exidx_start = .

.ARM.exidx      0x000040b4        0x8
 *(.ARM.exidx* .gnu.linkonce.armexidx.*)
 .ARM.exidx     0x000040b4        0x8 c:/program files (x86)/gnu tools arm embedded/4.9 2015q3/bin/../lib/gcc/arm-none-eabi/4.9.3/../../../../arm-none-eabi/lib/armv7e-m/fpu/crt0.o
                0x000040bc                __exidx_end = .
                0x000040bc                __etext = .

.rel.dyn        0x000040bc        0x0
 .rel.iplt      0x00000000        0x0 c:/program files (x86)/gnu tools arm embedded/4.9 2015q3/bin/../lib/gcc/arm-none-eabi/4.9.3/armv7e-m/fpu/crtbegin.o

.data           0x20000000      0x100 load address 0x000040bc
                0x20000000                __data_start__ = .
 *(vtable)
 *(.data*)
 .data.impure_data
                0x20000000       0x60 c:/program files (x86)/gnu tools arm embedded/4.9 2015q3/bin/../lib/gcc/arm-none-eabi/4.9.3/../../../../arm-none-eabi/lib/armv7e-m/fpu\libc_nano.a(lib_a-impure.o)
 .data.SystemCoreClock
                0x20000060        0x4 _build/system_nrf52.o
                0x20000060                SystemCoreClock
 .data.rxpacketid
                0x20000064        0x4 _build/main.o
 .data.dummy_payload
                0x20000068       0x25 _build/main.o
                0x20000068                dummy_payload
 *fill*         0x2000008d        0x3 
 .data.reset_payload
                0x20000090       0x25 _build/main.o
                0x20000090                reset_payload
 *fill*         0x200000b5        0x3 
 .data.bootloader_payload
                0x200000b8       0x25 _build/main.o
                0x200000b8                bootloader_payload
 *fill*         0x200000dd        0x3 
 .data.m_esb_addr
                0x200000e0       0x14 _build/nrf_esb.o
                0x200000f4                . = ALIGN (0x4)
                0x200000f4                PROVIDE (__preinit_array_start, .)
 *(.preinit_array)
                0x200000f4                PROVIDE (__preinit_array_end, .)
                0x200000f4                . = ALIGN (0x4)
                0x200000f4                PROVIDE (__init_array_start, .)
 *(SORT(.init_array.*))
 *(.init_array)
 .init_array    0x200000f4        0x4 c:/program files (x86)/gnu tools arm embedded/4.9 2015q3/bin/../lib/gcc/arm-none-eabi/4.9.3/armv7e-m/fpu/crtbegin.o
                0x200000f8                PROVIDE (__init_array_end, .)
                0x200000f8                . = ALIGN (0x4)
                0x200000f8                PROVIDE (__fini_array_start, .)
 *(SORT(.fini_array.*))
 *(.fini_array)
 .fini_array    0x200000f8        0x4 c:/program files (x86)/gnu tools arm embedded/4.9 2015q3/bin/../lib/gcc/arm-none-eabi/4.9.3/armv7e-m/fpu/crtbegin.o
                0x200000fc                PROVIDE (__fini_array_end, .)
 *(.jcr*)
 .jcr           0x200000fc        0x0 c:/program files (x86)/gnu tools arm embedded/4.9 2015q3/bin/../lib/gcc/arm-none-eabi/4.9.3/armv7e-m/fpu/crtbegin.o
 .jcr           0x200000fc        0x4 c:/program files (x86)/gnu tools arm embedded/4.9 2015q3/bin/../lib/gcc/arm-none-eabi/4.9.3/armv7e-m/fpu/crtend.o
                0x20000100                . = ALIGN (0x4)
                0x20000100                __data_end__ = .
LOAD c:/program files (x86)/gnu tools arm embedded/4.9 2015q3/bin/../lib/gcc/arm-none-eabi/4.9.3/armv7e-m/fpu/crti.o
LOAD c:/program files (x86)/gnu tools arm embedded/4.9 2015q3/bin/../lib/gcc/arm-none-eabi/4.9.3/armv7e-m/fpu/crtbegin.o
LOAD c:/program files (x86)/gnu tools arm embedded/4.9 2015q3/bin/../lib/gcc/arm-none-eabi/4.9.3/../../../../arm-none-eabi/lib/armv7e-m/fpu/crt0.o
LOAD c:/program files (x86)/gnu tools arm embedded/4.9 2015q3/bin/../lib/gcc/arm-none-eabi/4.9.3/../../../../arm-none-eabi/lib/armv7e-m/fpu\libc_nano.a
LOAD c:/program files (x86)/gnu tools arm embedded/4.9 2015q3/bin/../lib/gcc/arm-none-eabi/4.9.3/../../../../arm-none-eabi/lib/armv7e-m/fpu\libnosys.a
LOAD _build/system_nrf52.o
LOAD _build/main.o
LOAD _build/app_uart_fifo.o
LOAD _build/nrf_delay.o
LOAD _build/nrf_drv_common.o
LOAD _build/nrf_drv_uart.o
LOAD _build/nrf_drv_timer.o
LOAD _build/app_error.o
LOAD _build/app_error_weak.o
LOAD _build/app_fifo.o
LOAD _build/app_util_platform.o
LOAD _build/nrf_assert.o
LOAD _build/retarget.o
LOAD _build/nrf_log.o
LOAD _build/nrf_esb.o
LOAD _build/RTT_Syscalls_KEIL.o
LOAD _build/SEGGER_RTT.o
LOAD _build/SEGGER_RTT_printf.o
LOAD _build/gcc_startup_nrf52.o
LOAD c:/program files (x86)/gnu tools arm embedded/4.9 2015q3/bin/../lib/gcc/arm-none-eabi/4.9.3/../../../../arm-none-eabi/lib/armv7e-m/fpu\libm.a
START GROUP
LOAD c:/program files (x86)/gnu tools arm embedded/4.9 2015q3/bin/../lib/gcc/arm-none-eabi/4.9.3/armv7e-m/fpu\libgcc.a
LOAD c:/program files (x86)/gnu tools arm embedded/4.9 2015q3/bin/../lib/gcc/arm-none-eabi/4.9.3/../../../../arm-none-eabi/lib/armv7e-m/fpu\libc_nano.a
END GROUP
START GROUP
LOAD c:/program files (x86)/gnu tools arm embedded/4.9 2015q3/bin/../lib/gcc/arm-none-eabi/4.9.3/armv7e-m/fpu\libgcc.a
LOAD c:/program files (x86)/gnu tools arm embedded/4.9 2015q3/bin/../lib/gcc/arm-none-eabi/4.9.3/../../../../arm-none-eabi/lib/armv7e-m/fpu\libc_nano.a
END GROUP
LOAD c:/program files (x86)/gnu tools arm embedded/4.9 2015q3/bin/../lib/gcc/arm-none-eabi/4.9.3/armv7e-m/fpu/crtend.o
LOAD c:/program files (x86)/gnu tools arm embedded/4.9 2015q3/bin/../lib/gcc/arm-none-eabi/4.9.3/armv7e-m/fpu/crtn.o
START GROUP
LOAD c:/program files (x86)/gnu tools arm embedded/4.9 2015q3/bin/../lib/gcc/arm-none-eabi/4.9.3/armv7e-m/fpu\libgcc.a
LOAD c:/program files (x86)/gnu tools arm embedded/4.9 2015q3/bin/../lib/gcc/arm-none-eabi/4.9.3/../../../../arm-none-eabi/lib/armv7e-m/fpu\libc.a
LOAD c:/program files (x86)/gnu tools arm embedded/4.9 2015q3/bin/../lib/gcc/arm-none-eabi/4.9.3/../../../../arm-none-eabi/lib/armv7e-m/fpu\libnosys.a
END GROUP

.igot.plt       0x20000100        0x0 load address 0x000041bc
 .igot.plt      0x00000000        0x0 c:/program files (x86)/gnu tools arm embedded/4.9 2015q3/bin/../lib/gcc/arm-none-eabi/4.9.3/armv7e-m/fpu/crtbegin.o

.uicr
 *(.uicr)

.fs_data        0x20000100        0x0
                0x20000100                PROVIDE (__start_fs_data, .)
 *(.fs_data)
                0x20000100                PROVIDE (__stop_fs_data, .)

.bss            0x20000100     0x1448 load address 0x000041bc
                0x20000100                . = ALIGN (0x4)
                0x20000100                __bss_start__ = .
 *(.bss*)
 .bss           0x20000100       0x1c c:/program files (x86)/gnu tools arm embedded/4.9 2015q3/bin/../lib/gcc/arm-none-eabi/4.9.3/armv7e-m/fpu/crtbegin.o
 .bss.rx_msg    0x2000011c        0x1 _build/main.o
 *fill*         0x2000011d        0x3 
 .bss.errcode   0x20000120        0x4 _build/main.o
 .bss.payload_w_ptr
                0x20000124        0x4 _build/main.o
 .bss.uart_state
                0x20000128        0x4 _build/main.o
 .bss.tx_fail_count
                0x2000012c        0x4 _build/main.o
 .bss.tx_fail_flag
                0x20000130        0x4 _build/main.o
 .bss.tx_success_flag
                0x20000134        0x4 _build/main.o
 .bss.readpackets_flag
                0x20000138        0x4 _build/main.o
 .bss.uart_flag
                0x2000013c        0x4 _build/main.o
 .bss.rx_buf.7948
                0x20000140      0x800 _build/main.o
 .bss.tx_buf.7949
                0x20000940      0x800 _build/main.o
 .bss.m_event_handler
                0x20001140        0x4 _build/app_uart_fifo.o
 .bss.tx_buffer
                0x20001144        0x1 _build/app_uart_fifo.o
 *fill*         0x20001145        0x3 
 .bss.rx_buffer
                0x20001148        0x1 _build/app_uart_fifo.o
 *fill*         0x20001149        0x3 
 .bss.m_rx_fifo
                0x2000114c       0x10 _build/app_uart_fifo.o
 .bss.m_tx_fifo
                0x2000115c       0x10 _build/app_uart_fifo.o
 .bss.m_cb      0x2000116c       0x20 _build/nrf_drv_uart.o
 .bss.m_cb      0x2000118c        0xc _build/nrf_drv_timer.o
 .bss.m_esb_initialized
                0x20001198        0x1 _build/nrf_esb.o
 .bss.m_nrf_esb_mainstate
                0x20001199        0x1 _build/nrf_esb.o
 *fill*         0x2000119a        0x2 
 .bss.mp_current_payload
                0x2000119c        0x4 _build/nrf_esb.o
 .bss.m_event_handler
                0x200011a0        0x4 _build/nrf_esb.o
 .bss.m_config_local
                0x200011a4       0x18 _build/nrf_esb.o
 .bss.m_tx_fifo_payload
                0x200011bc      0x128 _build/nrf_esb.o
 .bss.m_tx_fifo
                0x200012e4       0x2c _build/nrf_esb.o
 .bss.m_rx_fifo_payload
                0x20001310      0x128 _build/nrf_esb.o
 .bss.m_rx_fifo
                0x20001438       0x2c _build/nrf_esb.o
 .bss.m_tx_payload_buffer
                0x20001464       0x22 _build/nrf_esb.o
 *fill*         0x20001486        0x2 
 .bss.m_rx_payload_buffer
                0x20001488       0x22 _build/nrf_esb.o
 *fill*         0x200014aa        0x2 
 .bss.m_interrupt_flags
                0x200014ac        0x4 _build/nrf_esb.o
 .bss.m_pids    0x200014b0        0x9 _build/nrf_esb.o
 *fill*         0x200014b9        0x3 
 .bss.m_rx_pipe_info
                0x200014bc       0x24 _build/nrf_esb.o
 .bss.m_retransmits_remaining
                0x200014e0        0x4 _build/nrf_esb.o
 .bss.m_last_tx_attempts
                0x200014e4        0x4 _build/nrf_esb.o
 .bss.m_wait_for_ack_timeout_us
                0x200014e8        0x4 _build/nrf_esb.o
 .bss.on_radio_disabled
                0x200014ec        0x4 _build/nrf_esb.o
 .bss.on_radio_end
                0x200014f0        0x4 _build/nrf_esb.o
 .bss.update_rf_payload_format
                0x200014f4        0x4 _build/nrf_esb.o
 *(COMMON)
 COMMON         0x200014f8       0x4d _build/main.o
                0x200014f8                rx_payload
                0x20001520                tx_payload
                0x20001548                . = ALIGN (0x4)
 *fill*         0x20001545        0x3 
                0x20001548                __bss_end__ = .

.heap           0x20001548     0x2000
                0x20001548                __end__ = .
                0x20001548                PROVIDE (end, .)
 *(.heap*)
 .heap          0x20001548     0x2000 _build/gcc_startup_nrf52.o
                0x20001548                __HeapBase
                0x20003548                __HeapLimit = .

.stack_dummy    0x20001548     0x2000
 *(.stack*)
 .stack         0x20001548     0x2000 _build/gcc_startup_nrf52.o
                0x20010000                __StackTop = (ORIGIN (RAM) + 0x10000)
                0x2000e000                __StackLimit = (__StackTop - SIZEOF (.stack_dummy))
                0x20010000                PROVIDE (__stack, __StackTop)
                0x00000001                ASSERT ((__StackLimit >= __HeapLimit), region RAM overflowed with stack)
OUTPUT(_build/nrf52832_xxaa.out elf32-littlearm)

.ARM.attributes
                0x00000000       0x30
 .ARM.attributes
                0x00000000       0x22 c:/program files (x86)/gnu tools arm embedded/4.9 2015q3/bin/../lib/gcc/arm-none-eabi/4.9.3/armv7e-m/fpu/crti.o
 .ARM.attributes
                0x00000022       0x34 c:/program files (x86)/gnu tools arm embedded/4.9 2015q3/bin/../lib/gcc/arm-none-eabi/4.9.3/armv7e-m/fpu/crtbegin.o
 .ARM.attributes
                0x00000056       0x20 c:/program files (x86)/gnu tools arm embedded/4.9 2015q3/bin/../lib/gcc/arm-none-eabi/4.9.3/../../../../arm-none-eabi/lib/armv7e-m/fpu/crt0.o
 .ARM.attributes
                0x00000076       0x34 c:/program files (x86)/gnu tools arm embedded/4.9 2015q3/bin/../lib/gcc/arm-none-eabi/4.9.3/../../../../arm-none-eabi/lib/armv7e-m/fpu\libc_nano.a(lib_a-exit.o)
 .ARM.attributes
                0x000000aa       0x34 c:/program files (x86)/gnu tools arm embedded/4.9 2015q3/bin/../lib/gcc/arm-none-eabi/4.9.3/../../../../arm-none-eabi/lib/armv7e-m/fpu\libc_nano.a(lib_a-impure.o)
 .ARM.attributes
                0x000000de       0x34 c:/program files (x86)/gnu tools arm embedded/4.9 2015q3/bin/../lib/gcc/arm-none-eabi/4.9.3/../../../../arm-none-eabi/lib/armv7e-m/fpu\libc_nano.a(lib_a-init.o)
 .ARM.attributes
                0x00000112       0x34 c:/program files (x86)/gnu tools arm embedded/4.9 2015q3/bin/../lib/gcc/arm-none-eabi/4.9.3/../../../../arm-none-eabi/lib/armv7e-m/fpu\libc_nano.a(lib_a-memset.o)
 .ARM.attributes
                0x00000146       0x34 c:/program files (x86)/gnu tools arm embedded/4.9 2015q3/bin/../lib/gcc/arm-none-eabi/4.9.3/../../../../arm-none-eabi/lib/armv7e-m/fpu\libnosys.a(_exit.o)
 .ARM.attributes
                0x0000017a       0x39 _build/system_nrf52.o
 .ARM.attributes
                0x000001b3       0x39 _build/main.o
 .ARM.attributes
                0x000001ec       0x39 _build/app_uart_fifo.o
 .ARM.attributes
                0x00000225       0x39 _build/nrf_delay.o
 .ARM.attributes
                0x0000025e       0x39 _build/nrf_drv_common.o
 .ARM.attributes
                0x00000297       0x39 _build/nrf_drv_uart.o
 .ARM.attributes
                0x000002d0       0x39 _build/nrf_drv_timer.o
 .ARM.attributes
                0x00000309       0x39 _build/app_error.o
 .ARM.attributes
                0x00000342       0x39 _build/app_error_weak.o
 .ARM.attributes
                0x0000037b       0x39 _build/app_fifo.o
 .ARM.attributes
                0x000003b4       0x39 _build/nrf_esb.o
 .ARM.attributes
                0x000003ed       0x1c _build/gcc_startup_nrf52.o
 .ARM.attributes
                0x00000409       0x34 c:/program files (x86)/gnu tools arm embedded/4.9 2015q3/bin/../lib/gcc/arm-none-eabi/4.9.3/../../../../arm-none-eabi/lib/armv7e-m/fpu\libc_nano.a(lib_a-memcpy.o)
 .ARM.attributes
                0x0000043d       0x34 c:/program files (x86)/gnu tools arm embedded/4.9 2015q3/bin/../lib/gcc/arm-none-eabi/4.9.3/armv7e-m/fpu/crtend.o
 .ARM.attributes
                0x00000471       0x22 c:/program files (x86)/gnu tools arm embedded/4.9 2015q3/bin/../lib/gcc/arm-none-eabi/4.9.3/armv7e-m/fpu/crtn.o

.comment        0x00000000       0x70
 .comment       0x00000000       0x70 _build/system_nrf52.o
                                 0x71 (size before relaxing)
 .comment       0x00000000       0x71 _build/main.o
 .comment       0x00000000       0x71 _build/app_uart_fifo.o
 .comment       0x00000000       0x71 _build/nrf_delay.o
 .comment       0x00000000       0x71 _build/nrf_drv_common.o
 .comment       0x00000000       0x71 _build/nrf_drv_uart.o
 .comment       0x00000000       0x71 _build/nrf_drv_timer.o
 .comment       0x00000000       0x71 _build/app_error.o
 .comment       0x00000000       0x71 _build/app_error_weak.o
 .comment       0x00000000       0x71 _build/app_fifo.o
 .comment       0x00000000       0x71 _build/nrf_esb.o

.debug_frame    0x00000000     0x1fd4
 .debug_frame   0x00000000       0x28 c:/program files (x86)/gnu tools arm embedded/4.9 2015q3/bin/../lib/gcc/arm-none-eabi/4.9.3/../../../../arm-none-eabi/lib/armv7e-m/fpu\libc_nano.a(lib_a-exit.o)
 .debug_frame   0x00000028       0x2c c:/program files (x86)/gnu tools arm embedded/4.9 2015q3/bin/../lib/gcc/arm-none-eabi/4.9.3/../../../../arm-none-eabi/lib/armv7e-m/fpu\libc_nano.a(lib_a-init.o)
 .debug_frame   0x00000054       0x20 c:/program files (x86)/gnu tools arm embedded/4.9 2015q3/bin/../lib/gcc/arm-none-eabi/4.9.3/../../../../arm-none-eabi/lib/armv7e-m/fpu\libc_nano.a(lib_a-memset.o)
 .debug_frame   0x00000074       0x20 c:/program files (x86)/gnu tools arm embedded/4.9 2015q3/bin/../lib/gcc/arm-none-eabi/4.9.3/../../../../arm-none-eabi/lib/armv7e-m/fpu\libnosys.a(_exit.o)
 .debug_frame   0x00000094      0x144 _build/system_nrf52.o
 .debug_frame   0x000001d8      0x198 _build/main.o
 .debug_frame   0x00000370      0x10c _build/app_uart_fifo.o
 .debug_frame   0x0000047c       0x38 _build/nrf_delay.o
 .debug_frame   0x000004b4       0xac _build/nrf_drv_common.o
 .debug_frame   0x00000560      0xbac _build/nrf_drv_uart.o
 .debug_frame   0x0000110c      0x528 _build/nrf_drv_timer.o
 .debug_frame   0x00001634       0x80 _build/app_error.o
 .debug_frame   0x000016b4       0x4c _build/app_error_weak.o
 .debug_frame   0x00001700      0x1b4 _build/app_fifo.o
 .debug_frame   0x000018b4      0x6f8 _build/nrf_esb.o
 .debug_frame   0x00001fac       0x28 c:/program files (x86)/gnu tools arm embedded/4.9 2015q3/bin/../lib/gcc/arm-none-eabi/4.9.3/../../../../arm-none-eabi/lib/armv7e-m/fpu\libc_nano.a(lib_a-memcpy.o)

.debug_info     0x00000000     0x83b1
 .debug_info    0x00000000      0xd80 _build/system_nrf52.o
 .debug_info    0x00000d80     0x10ec _build/main.o
 .debug_info    0x00001e6c      0x77a _build/app_uart_fifo.o
 .debug_info    0x000025e6      0x130 _build/nrf_delay.o
 .debug_info    0x00002716      0x593 _build/nrf_drv_common.o
 .debug_info    0x00002ca9     0x2192 _build/nrf_drv_uart.o
 .debug_info    0x00004e3b     0x100d _build/nrf_drv_timer.o
 .debug_info    0x00005e48      0x307 _build/app_error.o
 .debug_info    0x0000614f      0x312 _build/app_error_weak.o
 .debug_info    0x00006461      0x452 _build/app_fifo.o
 .debug_info    0x000068b3     0x1afe _build/nrf_esb.o

.debug_abbrev   0x00000000     0x14a3
 .debug_abbrev  0x00000000      0x1d2 _build/system_nrf52.o
 .debug_abbrev  0x000001d2      0x2a5 _build/main.o
 .debug_abbrev  0x00000477      0x186 _build/app_uart_fifo.o
 .debug_abbrev  0x000005fd       0xd0 _build/nrf_delay.o
 .debug_abbrev  0x000006cd      0x14e _build/nrf_drv_common.o
 .debug_abbrev  0x0000081b      0x31c _build/nrf_drv_uart.o
 .debug_abbrev  0x00000b37      0x21a _build/nrf_drv_timer.o
 .debug_abbrev  0x00000d51      0x11d _build/app_error.o
 .debug_abbrev  0x00000e6e      0x122 _build/app_error_weak.o
 .debug_abbrev  0x00000f90      0x13c _build/app_fifo.o
 .debug_abbrev  0x000010cc      0x3d7 _build/nrf_esb.o

.debug_aranges  0x00000000      0x7c0
 .debug_aranges
                0x00000000       0x68 _build/system_nrf52.o
 .debug_aranges
                0x00000068       0x70 _build/main.o
 .debug_aranges
                0x000000d8       0x50 _build/app_uart_fifo.o
 .debug_aranges
                0x00000128       0x20 _build/nrf_delay.o
 .debug_aranges
                0x00000148       0x38 _build/nrf_drv_common.o
 .debug_aranges
                0x00000180      0x298 _build/nrf_drv_uart.o
 .debug_aranges
                0x00000418      0x128 _build/nrf_drv_timer.o
 .debug_aranges
                0x00000540       0x30 _build/app_error.o
 .debug_aranges
                0x00000570       0x28 _build/app_error_weak.o
 .debug_aranges
                0x00000598       0x70 _build/app_fifo.o
 .debug_aranges
                0x00000608      0x1b8 _build/nrf_esb.o

.debug_ranges   0x00000000      0x710
 .debug_ranges  0x00000000       0x58 _build/system_nrf52.o
 .debug_ranges  0x00000058       0x60 _build/main.o
 .debug_ranges  0x000000b8       0x40 _build/app_uart_fifo.o
 .debug_ranges  0x000000f8       0x10 _build/nrf_delay.o
 .debug_ranges  0x00000108       0x28 _build/nrf_drv_common.o
 .debug_ranges  0x00000130      0x288 _build/nrf_drv_uart.o
 .debug_ranges  0x000003b8      0x118 _build/nrf_drv_timer.o
 .debug_ranges  0x000004d0       0x20 _build/app_error.o
 .debug_ranges  0x000004f0       0x18 _build/app_error_weak.o
 .debug_ranges  0x00000508       0x60 _build/app_fifo.o
 .debug_ranges  0x00000568      0x1a8 _build/nrf_esb.o

.debug_macro    0x00000000    0x16894
 .debug_macro   0x00000000       0xe2 _build/system_nrf52.o
 .debug_macro   0x000000e2      0x8e6 _build/system_nrf52.o
 .debug_macro   0x000009c8       0x22 _build/system_nrf52.o
 .debug_macro   0x000009ea       0x44 _build/system_nrf52.o
 .debug_macro   0x00000a2e       0xe3 _build/system_nrf52.o
 .debug_macro   0x00000b11       0x22 _build/system_nrf52.o
 .debug_macro   0x00000b33      0x1df _build/system_nrf52.o
 .debug_macro   0x00000d12       0x22 _build/system_nrf52.o
 .debug_macro   0x00000d34       0x1c _build/system_nrf52.o
 .debug_macro   0x00000d50       0x2d _build/system_nrf52.o
 .debug_macro   0x00000d7d       0x3b _build/system_nrf52.o
 .debug_macro   0x00000db8       0x50 _build/system_nrf52.o
 .debug_macro   0x00000e08      0xe66 _build/system_nrf52.o
 .debug_macro   0x00001c6e      0x3a0 _build/system_nrf52.o
 .debug_macro   0x0000200e    0x10245 _build/system_nrf52.o
 .debug_macro   0x00012253     0x12c7 _build/system_nrf52.o
 .debug_macro   0x0001351a       0x7c _build/system_nrf52.o
 .debug_macro   0x00013596       0x1c _build/system_nrf52.o
 .debug_macro   0x000135b2      0x34b _build/main.o
 .debug_macro   0x000138fd       0x58 _build/main.o
 .debug_macro   0x00013955       0x35 _build/main.o
 .debug_macro   0x0001398a       0x9c _build/main.o
 .debug_macro   0x00013a26       0x16 _build/main.o
 .debug_macro   0x00013a3c       0x97 _build/main.o
 .debug_macro   0x00013ad3      0x29d _build/main.o
 .debug_macro   0x00013d70       0xef _build/main.o
 .debug_macro   0x00013e5f       0x10 _build/main.o
 .debug_macro   0x00013e6f       0x52 _build/main.o
 .debug_macro   0x00013ec1       0x16 _build/main.o
 .debug_macro   0x00013ed7       0x43 _build/main.o
 .debug_macro   0x00013f1a      0x180 _build/main.o
 .debug_macro   0x0001409a       0x10 _build/main.o
 .debug_macro   0x000140aa       0x22 _build/main.o
 .debug_macro   0x000140cc       0xbe _build/main.o
 .debug_macro   0x0001418a       0x16 _build/main.o
 .debug_macro   0x000141a0      0x197 _build/main.o
 .debug_macro   0x00014337       0x16 _build/main.o
 .debug_macro   0x0001434d       0x35 _build/main.o
 .debug_macro   0x00014382      0x11e _build/main.o
 .debug_macro   0x000144a0       0x28 _build/main.o
 .debug_macro   0x000144c8       0x22 _build/main.o
 .debug_macro   0x000144ea       0x8e _build/main.o
 .debug_macro   0x00014578       0x70 _build/main.o
 .debug_macro   0x000145e8       0x67 _build/main.o
 .debug_macro   0x0001464f       0x37 _build/main.o
 .debug_macro   0x00014686       0x52 _build/main.o
 .debug_macro   0x000146d8       0xbb _build/main.o
 .debug_macro   0x00014793       0x2b _build/main.o
 .debug_macro   0x000147be       0x60 _build/main.o
 .debug_macro   0x0001481e       0x17 _build/main.o
 .debug_macro   0x00014835       0xd1 _build/main.o
 .debug_macro   0x00014906       0x16 _build/main.o
 .debug_macro   0x0001491c      0x1c7 _build/main.o
 .debug_macro   0x00014ae3       0x10 _build/main.o
 .debug_macro   0x00014af3       0x28 _build/main.o
 .debug_macro   0x00014b1b       0x10 _build/main.o
 .debug_macro   0x00014b2b       0x6a _build/main.o
 .debug_macro   0x00014b95       0x22 _build/main.o
 .debug_macro   0x00014bb7       0x4c _build/main.o
 .debug_macro   0x00014c03       0x3a _build/main.o
 .debug_macro   0x00014c3d      0x114 _build/main.o
 .debug_macro   0x00014d51      0x314 _build/app_uart_fifo.o
 .debug_macro   0x00015065       0x6d _build/app_uart_fifo.o
 .debug_macro   0x000150d2       0x16 _build/app_uart_fifo.o
 .debug_macro   0x000150e8       0x16 _build/app_uart_fifo.o
 .debug_macro   0x000150fe       0x29 _build/app_uart_fifo.o
 .debug_macro   0x00015127       0x10 _build/app_uart_fifo.o
 .debug_macro   0x00015137      0x1c2 _build/nrf_delay.o
 .debug_macro   0x000152f9       0x4a _build/nrf_delay.o
 .debug_macro   0x00015343       0x35 _build/nrf_delay.o
 .debug_macro   0x00015378      0x271 _build/nrf_drv_common.o
 .debug_macro   0x000155e9      0x166 _build/nrf_drv_common.o
 .debug_macro   0x0001574f      0x2d4 _build/nrf_drv_uart.o
 .debug_macro   0x00015a23       0x10 _build/nrf_drv_uart.o
 .debug_macro   0x00015a33      0x298 _build/nrf_drv_timer.o
 .debug_macro   0x00015ccb      0x228 _build/app_error.o
 .debug_macro   0x00015ef3      0x222 _build/app_error_weak.o
 .debug_macro   0x00016115      0x212 _build/app_fifo.o
 .debug_macro   0x00016327      0x10e _build/app_fifo.o
 .debug_macro   0x00016435       0x7f _build/app_fifo.o
 .debug_macro   0x000164b4      0x289 _build/nrf_esb.o
 .debug_macro   0x0001673d       0xcb _build/nrf_esb.o
 .debug_macro   0x00016808       0x76 _build/nrf_esb.o
 .debug_macro   0x0001687e       0x16 _build/nrf_esb.o

.debug_line     0x00000000     0x6151
 .debug_line    0x00000000      0x5b7 _build/system_nrf52.o
 .debug_line    0x000005b7      0xc72 _build/main.o
 .debug_line    0x00001229      0x93d _build/app_uart_fifo.o
 .debug_line    0x00001b66      0x4ad _build/nrf_delay.o
 .debug_line    0x00002013      0x718 _build/nrf_drv_common.o
 .debug_line    0x0000272b     0x1013 _build/nrf_drv_uart.o
 .debug_line    0x0000373e      0xa85 _build/nrf_drv_timer.o
 .debug_line    0x000041c3      0x5ac _build/app_error.o
 .debug_line    0x0000476f      0x59b _build/app_error_weak.o
 .debug_line    0x00004d0a      0x6ab _build/app_fifo.o
 .debug_line    0x000053b5      0xd9c _build/nrf_esb.o

.debug_str      0x00000000    0x76dd6
 .debug_str     0x00000000    0x6bc84 _build/system_nrf52.o
                              0x6c6e8 (size before relaxing)
 .debug_str     0x0006bc84     0x7c22 _build/main.o
                              0x741a4 (size before relaxing)
 .debug_str     0x000738a6      0x78e _build/app_uart_fifo.o
                              0x72272 (size before relaxing)
 .debug_str     0x00074034       0x8e _build/nrf_delay.o
                              0x6f34a (size before relaxing)
 .debug_str     0x000740c2      0x2db _build/nrf_drv_common.o
                              0x71687 (size before relaxing)
 .debug_str     0x0007439d     0x1378 _build/nrf_drv_uart.o
                              0x7302a (size before relaxing)
 .debug_str     0x00075715      0x6ca _build/nrf_drv_timer.o
                              0x72607 (size before relaxing)
 .debug_str     0x00075ddf      0x119 _build/app_error.o
                              0x70af1 (size before relaxing)
 .debug_str     0x00075ef8       0x74 _build/app_error_weak.o
                              0x70a83 (size before relaxing)
 .debug_str     0x00075f6c      0x137 _build/app_fifo.o
                              0x6fc83 (size before relaxing)
 .debug_str     0x000760a3      0xd33 _build/nrf_esb.o
                              0x71c5e (size before relaxing)
